[22-May-2017 10:41:27 America/Vancouver] PHP Notice:  Undefined variable: email in /Applications/MAMP/htdocs/PROS/app/backend.php on line 72
[22-May-2017 10:41:31 America/Vancouver] PHP Notice:  Undefined variable: email in /Applications/MAMP/htdocs/PROS/app/backend.php on line 72
[22-May-2017 10:41:44 America/Vancouver] PHP Notice:  Undefined variable: email in /Applications/MAMP/htdocs/PROS/app/backend.php on line 72
[22-May-2017 10:42:04 America/Vancouver] PHP Notice:  Undefined variable: email in /Applications/MAMP/htdocs/PROS/app/backend.php on line 72
